Microchip MPLAB XC8 Compiler V1.35 ()

Linker command line:

--edf=C:\Program Files (x86)\Microchip\xc8\v1.35\dat\en_msgs.txt -cs \
  -h+dist/YOURBOARD/production\nLockController.X.production.sym \
  --cmf=dist/YOURBOARD/production\nLockController.X.production.cmf -z \
  -Q18F97J60 -oC:\Users\Embedded\AppData\Local\Temp\s14g.2 \
  -Mdist/YOURBOARD/production/nLockController.X.production.map -E1 -ver=XC8 \
  -ASTACK=0535h-0e7fh -pstack=STACK -ACODE=00h-01FFF7h -ACONST=00h-01FFF7h \
  -ASMALLCONST=01000h-010FFhx495,01FF00h-01FFF7h \
  -AMEDIUMCONST=01000h-0FFFFh,011000h-01FFF7h -ACOMRAM=01h-05Fh \
  -AABS1=00h-0E7Fh,0F00h-0F5Fh -ABIGRAM=01h-0E7Fh,0F00h-0F5Fh \
  -ARAM=060h-0FFh,0100h-01FFhx13,0E00h-0E7Fh,0F00h-0F5Fh -ABANK0=060h-0FFh \
  -ABANK1=0100h-01FFh -ABANK2=0200h-02FFh -ABANK3=0300h-03FFh \
  -ABANK4=0400h-04FFh -ABANK5=0500h-05FFh -ABANK6=0600h-06FFh \
  -ABANK7=0700h-07FFh -ABANK8=0800h-08FFh -ABANK9=0900h-09FFh \
  -ABANK10=0A00h-0AFFh -ABANK11=0B00h-0BFFh -ABANK12=0C00h-0CFFh \
  -ABANK13=0D00h-0DFFh -ABANK14=0E00h-0E7Fh -ABANK15=0F00h-0F5Fh \
  -ASFR=0E80h-0EFFh,0F60h-0FFFh \
  -preset_vec=00h,intcode=08h,intcodelo=018h,powerup,init,end_init \
  -pramtop=01000h -psmallconst=SMALLCONST -pmediumconst=MEDIUMCONST \
  -pconst=CONST -AFARRAM=00h-00h -ACONFIG=01FFF8h-01FFFDh -pconfig=CONFIG \
  -pjflash_buffer=01F800h \
  -prdata=COMRAM,nvrram=COMRAM,nvbit=COMRAM,rbss=COMRAM,rbit=COMRAM \
  -pfarbss=FARRAM,fardata=FARRAM,nvFARRAM=FARRAM \
  -pintsave_regs=BIGRAM,bigbss=BIGRAM,bigdata=BIGRAM -pbss=RAM \
  -pidata=CODE,irdata=CODE,ibigdata=CODE,ifardata=CODE -prparam=COMRAM \
  C:\Users\Embedded\AppData\Local\Temp\s14g.obj \
  dist/YOURBOARD/production\nLockController.X.production.obj 

Object code version is 3.11

Machine type is 18F97J60

Call graph: (short form)




                Name                               Link     Load   Length Selector   Space Scale
C:\Users\Embedded\AppData\Local\Temp\s14g.obj
                end_init                             5E       5E        4        C       0
                reset_vec                             0        0        4        0       0
                config                            1FFF8    1FFF8        6    1FFF8       0
dist/YOURBOARD/production\nLockController.X.production.obj
                intcodelo                            18       18       46        C       0
                intcode                               8        8        6        4       0
                temp                                 44       44        1        1       1
                smallconst                         1000     1000        C      800       0
                intcode_body                       3FEA     3FEA       7E      806       0
                text142                            5074     5074       2A      806       0
                text141                            515E     515E       26      806       0
                text140                            346A     346A       C0      806       0
                text139                            4FA0     4FA0       2C      806       0
                text138                            53A8     53A8       18      806       0
                text137                            5390     5390       18      806       0
                text136                            52A2     52A2       1E      806       0
                text135                            5412     5412       14      806       0
                text133                            535E     535E       1A      806       0
                text132                            4DEA     4DEA       38      806       0
                text131                            4832     4832       56      806       0
                text130                            47DC     47DC       56      806       0
                text129                            3B78     3B78       A2      806       0
                text128                            4982     4982       50      806       0
                text127                            3762     3762       BC      806       0
                text126                            504A     504A       2A      806       0
                text125                            5138     5138       26      806       0
                text124                            4BA2     4BA2       4C      806       0
                text123                            4ABC     4ABC       4E      806       0
                text122                            5112     5112       26      806       0
                text121                            4246     4246       6C      806       0
                text120                            4B56     4B56       4C      806       0
                text119                            4930     4930       52      806       0
                text118                            4A6E     4A6E       4E      806       0
                text117                            4C36     4C36       44      806       0
                text116                            520A     520A       20      806       0
                text115                            5184     5184       24      806       0
                text114                            548C     548C        C      806       0
                text113                            50EC     50EC       26      806       0
                text112                            4782     4782       5A      806       0
                text111                            54AC     54AC        A      806       0
                text110                            5284     5284       1E      806       0
                text109                            41D2     41D2       74      806       0
                text108                            33AA     33AA       C0      806       0
                text107                            4DB0     4DB0       3A      806       0
                text106                            4B0A     4B0A       4C      806       0
                text105                            2BBE     2BBE      106      806       0
                text104                            4D3A     4D3A       3C      806       0
                text103                            54BE     54BE        8      806       0
                text102                            3E58     3E58       8C      806       0
                text101                            4F46     4F46       2E      806       0
                text100                            53FE     53FE       14      806       0
                text99                             4E22     4E22       36      806       0
                text98                             544A     544A       12      806       0
                text97                             5344     5344       1A      806       0
                text96                             4F18     4F18       2E      806       0
                text95                             532A     532A       1A      806       0
                text94                             4C7A     4C7A       42      806       0
                text93                             5020     5020       2A      806       0
                text92                             2710     2710      144      806       0
                text91                             5438     5438       12      806       0
                text90                             54D8     54D8        2      806       0
                text89                             4FF6     4FF6       2A      806       0
                text88                             431A     431A       64      806       0
                text87                             1C5A     1C5A      276      806       0
                text86                             3152     3152       D0      806       0
                text85                             3DCC     3DCC       8C      806       0
                text84                             4068     4068       7C      806       0
                text83                             3A2A     3A2A       A8      806       0
                text82                             5310     5310       1A      806       0
                text81                             2596     2596      17A      806       0
                text80                             4E8C     4E8C       30      806       0
                text79                             4726     4726       5C      806       0
                text78                             1ED0     1ED0      1DE      806       0
                text77                             4CFC     4CFC       3E      806       0
                text76                             100C     100C      664      806       0
                text75                             42B2     42B2       68      806       0
                text74                             54C6     54C6        6      806       0
                text73                             2854     2854      130      806       0
                text72                             397E     397E       AC      806       0
                text71                             2F9A     2F9A       E4      806       0
                text70                             381E     381E       B2      806       0
                text69                             2CC4     2CC4      102      806       0
                text68                             2AA2     2AA2      11C      806       0
                text67                             32E6     32E6       C4      806       0
                text66                             3222     3222       C4      806       0
                text65                             50C6     50C6       26      806       0
                text64                             2414     2414      182      806       0
                text63                             2282     2282      192      806       0
                text62                             46CA     46CA       5C      806       0
                text61                             415C     415C       76      806       0
                text60                             437E     437E       62      806       0
                text59                             2DC6     2DC6       F0      806       0
                text58                             4BEE     4BEE       48      806       0
                text57                             1670     1670      314      806       0
                text56                             2EB6     2EB6       E4      806       0
                text55                             48DC     48DC       54      806       0
                text54                             43E0     43E0       60      806       0
                text53                             4EEA     4EEA       2E      806       0
                text52                             40E4     40E4       78      806       0
                text51                             3D40     3D40       8C      806       0
                text50                             3EE4     3EE4       88      806       0
                text49                             20AE     20AE      1D4      806       0
                text48                             54B6     54B6        8      806       0
                text47                             3F6C     3F6C       7E      806       0
                text46                             44FC     44FC       5E      806       0
                text45                             35E8     35E8       BE      806       0
                text44                             1984     1984      2D6      806       0
                text43                             5266     5266       1E      806       0
                text42                             4A20     4A20       4E      806       0
                text41                             3C1A     3C1A       9A      806       0
                text40                             38D0     38D0       AE      806       0
                text39                             4888     4888       54      806       0
                text38                             54A2     54A2        A      806       0
                text37                             449E     449E       5E      806       0
                text36                             3AD2     3AD2       A6      806       0
                text35                             36A6     36A6       BC      806       0
                text34                             5248     5248       1E      806       0
                text33                             51A8     51A8       22      806       0
                text32                             54D4     54D4        4      806       0
                text31                             466E     466E       5C      806       0
                text30                             51EA     51EA       20      806       0
                text29                             4D76     4D76       3A      806       0
                text28                             547C     547C       10      806       0
                text27                             4612     4612       5C      806       0
                text26                             45B6     45B6       5C      806       0
                text25                             4F74     4F74       2C      806       0
                text24                             522A     522A       1E      806       0
                text23                             52F6     52F6       1A      806       0
                text22                             5426     5426       12      806       0
                text21                             5498     5498        A      806       0
                text20                             4440     4440       5E      806       0
                text19                             54D0     54D0        4      806       0
                text18                             4FCC     4FCC       2A      806       0
                text17                             4CBC     4CBC       40      806       0
                text16                             54CC     54CC        4      806       0
                text15                             546C     546C       10      806       0
                text14                             455A     455A       5C      806       0
                text13                             509E     509E       28      806       0
                text12                             52DC     52DC       1A      806       0
                text11                             52C0     52C0       1C      806       0
                text10                             5378     5378       18      806       0
                text9                              53EA     53EA       14      806       0
                text8                              4E58     4E58       34      806       0
                text7                              2984     2984      11E      806       0
                text6                              4EBC     4EBC       2E      806       0
                text5                              352A     352A       BE      806       0
                text4                              53D6     53D6       14      806       0
                text3                              49D2     49D2       4E      806       0
                text2                              545C     545C       10      806       0
                text1                              53C0     53C0       16      806       0
                text0                              307E     307E       D4      806       0
                cstackCOMRAM                          1        1       28        1       1
                cstackBANK0                          60       60       67       60       1
                cstackBANK1                         1E8      1E8        F      100       1
                cstackBANK2                         2E6      2E6       14      200       1
                bssBIGRAM                           341      341      1F4      341       1
                bssBANK3                            300      300       41      300       1
                bssBANK2                            200      200       E6      200       1
                dataBANK1                           1C8      1C8       20      100       1
                bssBANK1                            100      100       C8      100       1
                bssBANK0                             C7       C7       38       60       1
                dataCOMRAM                           43       43        1        1       1
                bssCOMRAM                            29       29       1A        1       1
                cinit                              3CB4     3CB4       8C      806       0
                idataBANK1                         51CA     51CA       20      806       0
                idataCOMRAM                        54DA     54DA        1      806       0

TOTAL           Name                               Link     Load   Length     Space
        CLASS   STACK          

        CLASS   CODE           
                end_init                             5E       5E        4         0
                intcodelo                            18       18       46         0
                intcode                               8        8        6         0
                reset_vec                             0        0        4         0
                intcode_body                       3FEA     3FEA       7E         0
                text142                            5074     5074       2A         0
                text141                            515E     515E       26         0
                text140                            346A     346A       C0         0
                text139                            4FA0     4FA0       2C         0
                text138                            53A8     53A8       18         0
                text137                            5390     5390       18         0
                text136                            52A2     52A2       1E         0
                text135                            5412     5412       14         0
                text133                            535E     535E       1A         0
                text132                            4DEA     4DEA       38         0
                text131                            4832     4832       56         0
                text130                            47DC     47DC       56         0
                text129                            3B78     3B78       A2         0
                text128                            4982     4982       50         0
                text127                            3762     3762       BC         0
                text126                            504A     504A       2A         0
                text125                            5138     5138       26         0
                text124                            4BA2     4BA2       4C         0
                text123                            4ABC     4ABC       4E         0
                text122                            5112     5112       26         0
                text121                            4246     4246       6C         0
                text120                            4B56     4B56       4C         0
                text119                            4930     4930       52         0
                text118                            4A6E     4A6E       4E         0
                text117                            4C36     4C36       44         0
                text116                            520A     520A       20         0
                text115                            5184     5184       24         0
                text114                            548C     548C        C         0
                text113                            50EC     50EC       26         0
                text112                            4782     4782       5A         0
                text111                            54AC     54AC        A         0
                text110                            5284     5284       1E         0
                text109                            41D2     41D2       74         0
                text108                            33AA     33AA       C0         0
                text107                            4DB0     4DB0       3A         0
                text106                            4B0A     4B0A       4C         0
                text105                            2BBE     2BBE      106         0
                text104                            4D3A     4D3A       3C         0
                text103                            54BE     54BE        8         0
                text102                            3E58     3E58       8C         0
                text101                            4F46     4F46       2E         0
                text100                            53FE     53FE       14         0
                text99                             4E22     4E22       36         0
                text98                             544A     544A       12         0
                text97                             5344     5344       1A         0
                text96                             4F18     4F18       2E         0
                text95                             532A     532A       1A         0
                text94                             4C7A     4C7A       42         0
                text93                             5020     5020       2A         0
                text92                             2710     2710      144         0
                text91                             5438     5438       12         0
                text90                             54D8     54D8        2         0
                text89                             4FF6     4FF6       2A         0
                text88                             431A     431A       64         0
                text87                             1C5A     1C5A      276         0
                text86                             3152     3152       D0         0
                text85                             3DCC     3DCC       8C         0
                text84                             4068     4068       7C         0
                text83                             3A2A     3A2A       A8         0
                text82                             5310     5310       1A         0
                text81                             2596     2596      17A         0
                text80                             4E8C     4E8C       30         0
                text79                             4726     4726       5C         0
                text78                             1ED0     1ED0      1DE         0
                text77                             4CFC     4CFC       3E         0
                text76                             100C     100C      664         0
                text75                             42B2     42B2       68         0
                text74                             54C6     54C6        6         0
                text73                             2854     2854      130         0
                text72                             397E     397E       AC         0
                text71                             2F9A     2F9A       E4         0
                text70                             381E     381E       B2         0
                text69                             2CC4     2CC4      102         0
                text68                             2AA2     2AA2      11C         0
                text67                             32E6     32E6       C4         0
                text66                             3222     3222       C4         0
                text65                             50C6     50C6       26         0
                text64                             2414     2414      182         0
                text63                             2282     2282      192         0
                text62                             46CA     46CA       5C         0
                text61                             415C     415C       76         0
                text60                             437E     437E       62         0
                text59                             2DC6     2DC6       F0         0
                text58                             4BEE     4BEE       48         0
                text57                             1670     1670      314         0
                text56                             2EB6     2EB6       E4         0
                text55                             48DC     48DC       54         0
                text54                             43E0     43E0       60         0
                text53                             4EEA     4EEA       2E         0
                text52                             40E4     40E4       78         0
                text51                             3D40     3D40       8C         0
                text50                             3EE4     3EE4       88         0
                text49                             20AE     20AE      1D4         0
                text48                             54B6     54B6        8         0
                text47                             3F6C     3F6C       7E         0
                text46                             44FC     44FC       5E         0
                text45                             35E8     35E8       BE         0
                text44                             1984     1984      2D6         0
                text43                             5266     5266       1E         0
                text42                             4A20     4A20       4E         0
                text41                             3C1A     3C1A       9A         0
                text40                             38D0     38D0       AE         0
                text39                             4888     4888       54         0
                text38                             54A2     54A2        A         0
                text37                             449E     449E       5E         0
                text36                             3AD2     3AD2       A6         0
                text35                             36A6     36A6       BC         0
                text34                             5248     5248       1E         0
                text33                             51A8     51A8       22         0
                text32                             54D4     54D4        4         0
                text31                             466E     466E       5C         0
                text30                             51EA     51EA       20         0
                text29                             4D76     4D76       3A         0
                text28                             547C     547C       10         0
                text27                             4612     4612       5C         0
                text26                             45B6     45B6       5C         0
                text25                             4F74     4F74       2C         0
                text24                             522A     522A       1E         0
                text23                             52F6     52F6       1A         0
                text22                             5426     5426       12         0
                text21                             5498     5498        A         0
                text20                             4440     4440       5E         0
                text19                             54D0     54D0        4         0
                text18                             4FCC     4FCC       2A         0
                text17                             4CBC     4CBC       40         0
                text16                             54CC     54CC        4         0
                text15                             546C     546C       10         0
                text14                             455A     455A       5C         0
                text13                             509E     509E       28         0
                text12                             52DC     52DC       1A         0
                text11                             52C0     52C0       1C         0
                text10                             5378     5378       18         0
                text9                              53EA     53EA       14         0
                text8                              4E58     4E58       34         0
                text7                              2984     2984      11E         0
                text6                              4EBC     4EBC       2E         0
                text5                              352A     352A       BE         0
                text4                              53D6     53D6       14         0
                text3                              49D2     49D2       4E         0
                text2                              545C     545C       10         0
                text1                              53C0     53C0       16         0
                text0                              307E     307E       D4         0
                cinit                              3CB4     3CB4       8C         0
                idataBANK1                         51CA     51CA       20         0
                idataCOMRAM                        54DA     54DA        1         0

        CLASS   CONST          

        CLASS   SMALLCONST     
                smallconst                         1000     1000        C         0

        CLASS   MEDIUMCONST    

        CLASS   COMRAM         
                temp                                 44       44        1         1
                cstackCOMRAM                          1        1       28         1
                dataCOMRAM                           43       43        1         1
                bssCOMRAM                            29       29       1A         1

        CLASS   ABS1           

        CLASS   BIGRAM         
                bssBIGRAM                           341      341      1F4         1

        CLASS   RAM            

        CLASS   BANK0          
                cstackBANK0                          60       60       67         1
                bssBANK0                             C7       C7       38         1

        CLASS   BANK1          
                cstackBANK1                         1E8      1E8        F         1
                dataBANK1                           1C8      1C8       20         1
                bssBANK1                            100      100       C8         1

        CLASS   BANK2          
                cstackBANK2                         2E6      2E6       14         1
                bssBANK2                            200      200       E6         1

        CLASS   BANK3          
                bssBANK3                            300      300       41         1

        CLASS   BANK4          

        CLASS   BANK5          

        CLASS   BANK6          

        CLASS   BANK7          

        CLASS   BANK8          

        CLASS   BANK9          

        CLASS   BANK10         

        CLASS   BANK11         

        CLASS   BANK12         

        CLASS   BANK13         

        CLASS   BANK14         

        CLASS   BANK15         

        CLASS   SFR            

        CLASS   FARRAM         

        CLASS   CONFIG         
                config                            1FFF8    1FFF8        6         0

        CLASS   IDLOC          



SEGMENTS        Name                           Load    Length   Top    Selector   Space  Class

                reset_vec                      000000  000004  000004         0       0  CODE    
                cstackCOMRAM                   000001  000044  000045         1       1  COMRAM  
                intcode                        000008  000006  00000E         4       0  CODE    
                intcodelo                      000018  00004A  000062         C       0  CODE    
                cstackBANK0                    000060  00009F  0000FF        60       1  BANK0   
                bssBANK1                       000100  0000F7  0001F7       100       1  BANK1   
                bssBANK2                       000200  0000FA  0002FA       200       1  BANK2   
                bssBANK3                       000300  000041  000341       300       1  BANK3   
                bssBIGRAM                      000341  0001F4  000535       341       1  BIGRAM  
                smallconst                     001000  00000C  00100C       800       0  SMALLCON
                text76                         00100C  0044CF  0054DB       806       0  CODE    
                config                         01FFF8  000006  01FFFE     1FFF8       0  CONFIG  


UNUSED ADDRESS RANGES

        Name                Unused          Largest block    Delta
        BANK0            000FF-000FF               1
        BANK1            001F7-001FF               9
        BANK10           00A00-00AFF             100
        BANK11           00B00-00BFF             100
        BANK12           00C00-00CFF             100
        BANK13           00D00-00DFF             100
        BANK14           00E00-00E7F              80
        BANK15           00F00-00F5F              60
        BANK2            002FA-002FF               6
        BANK5            00535-005FF              CB
        BANK6            00600-006FF             100
        BANK7            00700-007FF             100
        BANK8            00800-008FF             100
        BANK9            00900-009FF             100
        BIGRAM           00045-0005F              1B
                         000FF-000FF               1
                         001F7-001FF               9
                         002FA-002FF               6
                         00535-00E7F             94B
                         00F00-00F5F              60
        CODE             00004-00007               4
                         0000E-00017               A
                         00062-00FFF             F9E
                         054DB-1FFF7           1AB1D
        COMRAM           00045-0005F              1B
        CONST            00004-00007               4
                         0000E-00017               A
                         00062-00FFF             F9E
                         054DB-1FFF7           1AB1D
        MEDIUMCONST      054DB-0FFFF            AB25
                         11000-1FFF7            EFF8
        RAM              000FF-000FF               1
                         001F7-001FF               9
                         002FA-002FF               6
                         00535-00E7F             100
                         00F00-00F5F              60
        SFR              00E80-00EFF              80
                         00F60-00FFF              A0
        SMALLCONST       054DB-1FFF7             100
        STACK            00535-00E7F             94B

                                  Symbol Table

?_CalcIPBufferChecksum                               cstackCOMRAM  00023
?_CalcIPChecksum                                     cstackCOMRAM  0001C
?_GenerateRandomDWORD                                cstackBANK0   00070
?_GetWiegandCode                                     cstackCOMRAM  0001C
?_LFSRRand                                           cstackCOMRAM  0001C
?_MACCalcRxChecksum                                  cstackBANK0   0007D
?_MACGetArray                                        cstackCOMRAM  0001C
?_MACSetReadPtr                                      cstackCOMRAM  0001C
?_NDCGetRelayActiveTime                              cstackCOMRAM  0001C
?_ReadPHYReg                                         cstackCOMRAM  0001C
?_TickGet                                            cstackCOMRAM  0001C
?_TickGetDiv256                                      cstackCOMRAM  0001C
?_UDPGetArray                                        cstackCOMRAM  00023
?_UDPIsGetReady                                      cstackCOMRAM  00026
?_UDPIsPutReady                                      cstackCOMRAM  00025
?_UDPPutArray                                        cstackCOMRAM  00020
?___awdiv                                            cstackCOMRAM  0001C
?___lldiv                                            cstackCOMRAM  0001C
?___llmod                                            cstackCOMRAM  0001C
?___lwmod                                            cstackCOMRAM  0001F
?_swaps                                              cstackCOMRAM  0001C
?i1_TickGet                                          cstackCOMRAM  00001
ARPIsResolved@IPAddr                                 cstackCOMRAM  0001C
ARPIsResolved@MACAddr                                cstackCOMRAM  0001E
ARPProcess@Target                                    bssBANK1      00100
ARPProcess@packet                                    cstackBANK0   00060
ARPProcess@smARP                                     bssBANK1      00172
ARPPut@packet                                        cstackCOMRAM  00028
ARPResolve@IPAddr                                    cstackBANK0   00060
ARPResolve@packet                                    cstackBANK0   00072
Beep@value                                           cstackCOMRAM  00024
CalcIPBufferChecksum@Checksum                        cstackBANK0   00077
CalcIPBufferChecksum@ChunkLen                        cstackBANK0   0007B
CalcIPBufferChecksum@DataBuffer                      cstackBANK0   00060
CalcIPBufferChecksum@DataPtr                         cstackBANK0   00076
CalcIPBufferChecksum@F7587                           bssBANK1      0011C
CalcIPBufferChecksum@Start                           cstackBANK0   00074
CalcIPBufferChecksum@len                             cstackCOMRAM  00023
CalcIPChecksum@buffer                                cstackCOMRAM  00022
CalcIPChecksum@count                                 cstackCOMRAM  0001C
CalcIPChecksum@i                                     cstackCOMRAM  00020
CalcIPChecksum@sum                                   cstackCOMRAM  00024
CalcIPChecksum@val                                   cstackCOMRAM  00023
CheckKeypad@buff                                     cstackBANK2   002E6
CheckKeypad@i                                        cstackBANK2   002F2
CheckKeypad@index                                    cstackBANK2   002F8
CheckKeypad@messageSize                              cstackBANK2   002EE
CheckKeypad@stopIndex                                cstackBANK2   002F0
CheckKeypad@wiegandCode                              cstackBANK2   002F4
DHCPInit@i                                           cstackCOMRAM  0001D
DHCPTask@i                                           cstackBANK0   000AE
DelayMs@_dcnt                                        cstackCOMRAM  0001E
DelayMs@i                                            cstackCOMRAM  00022
DelayMs@ms                                           cstackCOMRAM  0001C
DoorIndicatorUpdateConfig@configData                 cstackCOMRAM  00024
DoorSwitchUpdateConfig@configData                    cstackCOMRAM  00024
FindMatchingSocket@h                                 cstackBANK0   00068
FindMatchingSocket@localIP                           cstackCOMRAM  00028
FindMatchingSocket@p                                 cstackBANK0   0006B
FindMatchingSocket@partialMatch                      cstackBANK0   00069
FindMatchingSocket@remoteNode                        cstackCOMRAM  00026
FindMatchingSocket@s                                 cstackBANK0   0006A
FormatNetBIOSName@Name                               cstackCOMRAM  00021
FormatNetBIOSName@i                                  cstackCOMRAM  00023
GenerateRandomDWORD@ADCON0Save                       cstackBANK0   0007D
GenerateRandomDWORD@ADCON2Save                       cstackBANK0   0007E
GenerateRandomDWORD@T0CONSave                        cstackBANK0   0007F
GenerateRandomDWORD@TMR0HSave                        cstackBANK0   00080
GenerateRandomDWORD@TMR0LSave                        cstackBANK0   00081
GenerateRandomDWORD@dwTotalTime                      cstackBANK0   00078
GenerateRandomDWORD@randomResult                     cstackBANK0   00084
GenerateRandomDWORD@vBitCount                        cstackBANK0   0007C
GenerateRandomDWORD@w                                cstackBANK0   00076
GenerateRandomDWORD@wLastValue                       cstackBANK0   00082
GenerateRandomDWORD@wTime                            cstackBANK0   00088
GetWiegandCode@tmp                                   cstackCOMRAM  00020
HandleConfigData@doorIndicatorPolarity               cstackBANK0   00068
HandleConfigData@doorOpenTooLongTime                 cstackBANK0   0006A
HandleConfigData@doorRelayActiveTime                 cstackBANK0   0006E
HandleConfigData@doorSwitchPolarity                  cstackBANK0   00069
HandleConfigData@doorSwitchPressedTooLongTime        cstackBANK0   0006C
ICMPProcess@dwVal                                    cstackBANK0   00089
ICMPProcess@len                                      cstackBANK0   00087
ICMPProcess@remote                                   cstackBANK0   00085
IPGetHeader@CalcChecksum                             cstackBANK0   0008D
IPGetHeader@header                                   cstackBANK0   00090
IPGetHeader@len                                      cstackBANK0   00088
IPGetHeader@localIP                                  cstackBANK0   0008F
IPGetHeader@protocol                                 cstackBANK0   00087
IPGetHeader@remote                                   cstackBANK0   00085
IPPutHeader@header                                   cstackBANK0   00065
IPPutHeader@len                                      cstackBANK0   00063
IPPutHeader@protocol                                 cstackBANK0   00062
IPPutHeader@remote                                   cstackBANK0   00060
IPSetRxBuffer@Offset                                 cstackCOMRAM  00022
InitializeBoard@F7567                                dataBANK1     001C8
InitializeBoard@a                                    cstackCOMRAM  0001F
InitializeBoard@arrayindex                           cstackBANK0   00072
InitializeBoard@macArray                             cstackBANK0   00060
InitializeBoard@macStringIndex                       cstackBANK0   00074
LFSRRand@i                                           cstackCOMRAM  0001E
LFSRSeedRand@dwSeed                                  cstackCOMRAM  0001F
LFSRSeedRand@i                                       cstackCOMRAM  00027
MACCalcRxChecksum@RDSave                             cstackBANK0   00081
MACCalcRxChecksum@len                                cstackBANK0   0007F
MACCalcRxChecksum@offset                             cstackBANK0   0007D
MACCalcRxChecksum@temp                               cstackBANK0   00083
MACDiscardRx@NewRXRDLocation                         cstackCOMRAM  0001C
MACFlush@i                                           cstackCOMRAM  00024
MACGetArray@i                                        cstackCOMRAM  00020
MACGetArray@len                                      cstackCOMRAM  0001E
MACGetArray@val                                      cstackCOMRAM  0001C
MACGetArray@w                                        cstackCOMRAM  00021
MACGetHeader@header                                  cstackBANK0   00060
MACGetHeader@remote                                  cstackCOMRAM  00026
MACGetHeader@type                                    cstackCOMRAM  00028
MACMemCopyAsync@ReadSave                             cstackBANK0   00060
MACMemCopyAsync@UpdateReadPointer                    cstackBANK0   00065
MACMemCopyAsync@UpdateWritePointer                   cstackBANK0   00064
MACMemCopyAsync@WriteSave                            cstackBANK0   00062
MACMemCopyAsync@destAddr                             cstackCOMRAM  0001D
MACMemCopyAsync@len                                  cstackCOMRAM  00021
MACMemCopyAsync@sourceAddr                           cstackCOMRAM  0001F
MACPut@val                                           cstackCOMRAM  0001C
MACPutArray@len                                      cstackCOMRAM  0001E
MACPutArray@val                                      cstackCOMRAM  0001C
MACPutHeader@dataLen                                 cstackCOMRAM  00023
MACPutHeader@remote                                  cstackCOMRAM  00020
MACPutHeader@type                                    cstackCOMRAM  00022
MACSetReadPtr@address                                cstackCOMRAM  0001C
MACSetReadPtr@oldVal                                 cstackCOMRAM  0001E
MACSetReadPtrInRx@ReadPT                             cstackCOMRAM  00020
MACSetReadPtrInRx@offset                             cstackCOMRAM  0001C
MACSetWritePtr@address                               cstackCOMRAM  0001C
MiscHexStringToByte@result                           cstackCOMRAM  0001C
MiscHexStringToByte@tmpByte                          cstackCOMRAM  0001E
MiscHexStringToByte@value                            cstackCOMRAM  0001D
ReadPHYReg@Register                                  cstackCOMRAM  0001E
ReadPHYReg@Result                                    cstackCOMRAM  0001F
SendUDPMessage@i                                     cstackBANK0   000C4
SendUDPMessage@message                               cstackBANK1   001E8
SendUDPMessage@messageSize                           cstackBANK1   001EA
SendUDPMessage@udpSocket                             cstackBANK1   001EC
SendVersionString@index                              cstackBANK1   001EE
SendVersionString@textLength                         cstackBANK1   001ED
StackInit@once                                       bssBANK1      00173
StackTask@bCurrentLinkState                          cstackBANK0   000BC
StackTask@bLastLinkState                             bssBANK1      00174
StackTask@cFrameType                                 cstackBANK0   000BB
StackTask@cIPFrameType                               cstackBANK0   000BF
StackTask@dataCount                                  cstackBANK0   000BD
StackTask@tempLocalIP                                cstackBANK0   000C0
SwapARPPacket@p                                      cstackCOMRAM  00021
SwapIPHeader@h                                       cstackCOMRAM  00021
TickGet@dw                                           cstackCOMRAM  00020
TickGetDiv256@dw                                     cstackCOMRAM  00020
UDPClose@s                                           cstackCOMRAM  0001C
UDPFlush@h                                           cstackBANK0   00085
UDPFlush@p                                           cstackBANK0   00081
UDPFlush@pseudoHeader                                cstackBANK0   0008D
UDPFlush@wChecksum                                   cstackBANK0   0007F
UDPFlush@wReadPtrSave                                cstackBANK0   0007D
UDPFlush@wUDPLength                                  cstackBANK0   00083
UDPGet@v                                             cstackCOMRAM  0001C
UDPGetArray@cData                                    cstackCOMRAM  00023
UDPGetArray@wBytesAvailable                          cstackCOMRAM  00027
UDPGetArray@wDataLen                                 cstackCOMRAM  00025
UDPInit@s                                            cstackCOMRAM  0001D
UDPIsGetReady@s                                      cstackCOMRAM  00028
UDPIsPutReady@s                                      cstackCOMRAM  00027
UDPOpenEx@NextPort                                   bssBANK1      00164
UDPOpenEx@localPort                                  cstackBANK0   00065
UDPOpenEx@p                                          cstackBANK0   0006A
UDPOpenEx@remoteHost                                 cstackBANK0   00060
UDPOpenEx@remoteHostType                             cstackBANK0   00064
UDPOpenEx@remotePort                                 cstackBANK0   00067
UDPOpenEx@s                                          cstackBANK0   00069
UDPProcess@checksums                                 cstackBANK0   00083
UDPProcess@h                                         cstackBANK0   00093
UDPProcess@len                                       cstackBANK0   00080
UDPProcess@localIP                                   cstackBANK0   0007F
UDPProcess@pseudoHeader                              cstackBANK0   00087
UDPProcess@remoteNode                                cstackBANK0   0007D
UDPProcess@s                                         cstackBANK0   00082
UDPPut@v                                             cstackCOMRAM  0001D
UDPPutArray@cData                                    cstackCOMRAM  00020
UDPPutArray@wDataLen                                 cstackCOMRAM  00022
UDPPutArray@wTemp                                    cstackCOMRAM  00024
UDPSetRxBuffer@wOffset                               cstackCOMRAM  00024
UDPSetTxBuffer@wOffset                               cstackCOMRAM  00020
UDPTask@ss                                           cstackBANK0   00092
WritePHYReg@Data                                     cstackCOMRAM  0001C
WritePHYReg@GIESave                                  cstackCOMRAM  0001F
WritePHYReg@Register                                 cstackCOMRAM  0001E
_ADCON0                                              (abs)         00FC2
_ADCON0bits                                          (abs)         00FC2
_ADCON1                                              (abs)         00FC1
_ADCON2                                              (abs)         00FC0
_ARPInit                                             text10        05378
_ARPIsResolved                                       text67        032E6
_ARPProcess                                          text105       02BBE
_ARPPut                                              text108       033AA
_ARPResolve                                          text66        03222
_ARPResolve$5917                                     cstackBANK0   0006E
_AppConfig                                           bssBANK1      00179
_Beep                                                text53        04EEA
_BeepTimerUpdate                                     text140       0346A
_Cache                                               bssBANK1      0010A
_CalcIPBufferChecksum                                text86        03152
_CalcIPChecksum                                      text85        03DCC
_CheckConfigDataWaitTimer                            text124       04BA2
_CheckConnectionResponseWaitTimer                    text123       04ABC
_CheckDoorTimer                                      text122       05112
_CheckFlashingLEDTimer                               text121       04246
_CheckHeartBeatTimer                                 text119       04930
_CheckIfFirstTimeConnection                          text38        054A2
_CheckKeypad                                         text57        01670
_CheckWaitForCodeTimer                               text56        02EB6
_CurrentPacketLocation                               bssBANK1      00166
_DHCPClient                                          bssBANK0      000D9
_DHCPClientInitializedOnce                           bssBANK1      00175
_DHCPDisable                                         text9         053EA
_DHCPEnable                                          text133       0535E
_DHCPInit                                            text104       04D3A
_DHCPIsBound                                         text103       054BE
_DHCPTask                                            text76        0100C
_DelayMs                                             text117       04C36
_DoorIndicatorGetStatus                              text48        054B6
_DoorIndicatorTimerUpdate                            text139       04FA0
_DoorIndicatorUpdateConfig                           text51        03D40
_DoorSwitchTimerUpdate                               text138       053A8
_DoorSwitchUpdateConfig                              text50        03EE4
_ECON1bits                                           (abs)         00FD2
_ECON2bits                                           (abs)         00EFE
_EDMADST                                             (abs)         00EF4
_EDMAND                                              (abs)         00EF2
_EDMAST                                              (abs)         00EF0
_EEPROMBuffer                                        bssBANK3      00321
_EIRbits                                             (abs)         00F60
_EPKTCNT                                             (abs)         00ED9
_ERDPT                                               (abs)         00F7A
_ERDPTH                                              (abs)         00F7B
_ERDPTL                                              (abs)         00F7A
_ERXND                                               (abs)         00EEA
_ERXRDPTH                                            (abs)         00EED
_ERXRDPTL                                            (abs)         00EEC
_ERXST                                               (abs)         00EE8
_ESTATbits                                           (abs)         00EFD
_ETXND                                               (abs)         00EE6
_ETXST                                               (abs)         00EE4
_EWRPT                                               (abs)         00EE2
_FindMatchingSocket                                  text69        02CC4
_Flags                                               bssCOMRAM     0003B
_FormatNetBIOSName                                   text131       04832
_GenerateRandomDWORD                                 text7         02984
_GetTickCopy                                         text126       0504A
_GetWiegandCode                                      text118       04A6E
_HandleConfigData                                    text49        020AE
_HandleConnectionResponse                            text54        043E0
_HandleReceivedBytes                                 text44        01984
_HighISR                                             intcode       00008
_ICMPProcess                                         text72        0397E
_INTCON                                              (abs)         00FF2
_INTCON2bits                                         (abs)         00FF1
_INTCON3bits                                         (abs)         00FF0
_INTCONbits                                          (abs)         00FF2
_IPGetHeader                                         text71        02F9A
_IPHeaderLen                                         bssBANK0      000CD
_IPPutHeader                                         text83        03A2A
_IPR1bits                                            (abs)         00F9F
_IPSetRxBuffer                                       text98        0544A
_InitAppConfig                                       text129       03B78
_InitStartState                                      text43        05266
_InitializeBoard                                     text127       03762
_IsDoorSwitchPressed                                 text22        05426
_KeyPressedResetIdleTimer                            text42        04A20
_LATCbits                                            (abs)         00F8B
_LATDbits                                            (abs)         00F8C
_LATFbits                                            (abs)         00F8E
_LCDText                                             bssBANK3      00300
_LFSRRand                                            text102       03E58
_LFSRSeedRand                                        text8         04E58
_LastPutSocket                                       dataBANK1     001E6
_LowISR                                              intcodelo     00018
_MAADR1                                              (abs)         00E84
_MAADR2                                              (abs)         00E85
_MAADR3                                              (abs)         00E82
_MAADR4                                              (abs)         00E83
_MAADR5                                              (abs)         00E80
_MAADR6                                              (abs)         00E81
_MABBIPG                                             (abs)         00EA4
_MACCalcRxChecksum                                   text75        042B2
_MACDiscardRx                                        text107       04DB0
_MACFlush                                            text116       0520A
_MACGet                                              text90        054D8
_MACGetArray                                         text106       04B0A
_MACGetHeader                                        text70        0381E
_MACInit                                             text5         0352A
_MACIsLinked                                         text100       053FE
_MACIsMemCopyDone                                    text74        054C6
_MACIsTxReady                                        text115       05184
_MACMemCopyAsync                                     text73        02854
_MACON1                                              (abs)         00EA0
_MACON3                                              (abs)         00EA2
_MACON4                                              (abs)         00EA3
_MACPut                                              text114       0548C
_MACPutArray                                         text113       050EC
_MACPutHeader                                        text112       04782
_MACPutHeader$10599                                  cstackCOMRAM  00025
_MACSetReadPtr                                       text82        05310
_MACSetReadPtrInRx                                   text99        04E22
_MACSetWritePtr                                      text111       054AC
_MAIPGH                                              (abs)         00EA7
_MAIPGL                                              (abs)         00EA6
_MAMXFLH                                             (abs)         00EAB
_MAMXFLL                                             (abs)         00EAA
_MICMD                                               (abs)         00EB2
_MIRDH                                               (abs)         00EB9
_MIRDL                                               (abs)         00EB8
_MIREGADR                                            (abs)         00EB4
_MISTATbits                                          (abs)         00E8A
_MiscHexStringToByte                                 text128       04982
_NDCFSM                                              text35        036A6
_NDCGetRelayActiveTime                               text21        05498
_NDCInitData                                         text34        05248
_NDCResetState                                       text33        051A8
_NDCTick                                             text137       05390
_NextPacketLocation                                  bssBANK1      00168
_OSCTUNE                                             (abs)         00F9B
_OpenUDPsocket                                       text41        03C1A
_PIE1bits                                            (abs)         00F9D
_PIR1bits                                            (abs)         00F9E
_PORTHbits                                           (abs)         00F87
_PR2                                                 (abs)         00FCB
_PRODH                                               (abs)         00FF4
_PRODL                                               (abs)         00FF3
_ProcessDoorIndicator                                text23        052F6
_ProcessDoorIndicatorIsClosed                        text32        054D4
_ProcessDoorIndicatorIsOpen                          text30        051EA
_ProcessDoorSwitch                                   text11        052C0
_ProcessDoorSwitchIsPressed                          text17        04CBC
_ProcessDoorSwitchIsReleased                         text16        054CC
_ProcessStateDoorIndicatorClosed                     text28        0547C
_ProcessStateDoorIndicatorOpen                       text25        04F74
_ProcessStateDoorIndicatorOpenTooLong                text24        0522A
_ProcessStateDoorSwitchIdle                          text15        0546C
_ProcessStateDoorSwitchPressed                       text13        0509E
_ProcessStateDoorSwitchPressedTooLong                text12        052DC
_RCONbits                                            (abs)         00FD0
_RTC                                                 text136       052A2
_ReadPHYReg                                          text101       04F46
_SSP1BUF                                             (abs)         00FC9
_SSP1CON1                                            (abs)         00FC6
_SSP1CON1bits                                        (abs)         00FC6
_SSP1STATbits                                        (abs)         00FC7
_SendConnectionRequest                               text40        038D0
_SendDeviceReadySignal                               text39        04888
_SendDoorClosedEvent                                 text27        04612
_SendDoorOpenEvent                                   text31        0466E
_SendDoorOpenTooLongEvent                            text26        045B6
_SendDoorStatus                                      text47        03F6C
_SendDoorSwitchPressedEvent                          text20        04440
_SendDoorSwitchPressedTooLongEvent                   text14        0455A
_SendDoorTimerExpiredEvent                           text46        044FC
_SendFirstConnectionMadeEvent                        text37        0449E
_SendGetConfigData                                   text55        048DC
_SendHeartBeat                                       text36        03AD2
_SendUDPMessage                                      text62        046CA
_SendVersionString                                   text45        035E8
_SocketWithRxData                                    dataCOMRAM    00043
_StackInit                                           text3         049D2
_StackInit$12046                                     cstackBANK0   0008A
_StackTask                                           text63        02282
_SwapARPPacket                                       text109       041D2
_SwapIPHeader                                        text84        04068
_T0CON                                               (abs)         00FD5
_T1CON                                               (abs)         00FCD
_T2CON                                               (abs)         00FCA
_TMR0H                                               (abs)         00FD7
_TMR0L                                               (abs)         00FD6
_TMR1H                                               (abs)         00FCF
_TMR1L                                               (abs)         00FCE
_TMR2                                                (abs)         00FCC
_TRISA                                               (abs)         00F92
_TRISBbits                                           (abs)         00F93
_TRISCbits                                           (abs)         00F94
_TRISD                                               (abs)         00F95
_TRISDbits                                           (abs)         00F95
_TRISF                                               (abs)         00F97
_TRISG                                               (abs)         00F98
_TRISH                                               (abs)         00F99
_TRISHbits                                           (abs)         00F99
_TickGet                                             text125       05138
_TickGetDiv256                                       text65        050C6
_TickInit                                            text2         0545C
_TickUpdate                                          text135       05412
_UDPClose                                            text120       04B56
_UDPDiscard                                          text91        05438
_UDPFlush                                            text81        02596
_UDPGet                                              text89        04FF6
_UDPGetArray                                         text88        0431A
_UDPInit                                             text4         053D6
_UDPIsGetReady                                       text96        04F18
_UDPIsPutReady                                       text94        04C7A
_UDPOpenEx                                           text92        02710
_UDPProcess                                          text68        02AA2
_UDPPut                                              text80        04E8C
_UDPPutArray                                         text79        04726
_UDPRxCount                                          bssCOMRAM     00033
_UDPSetRxBuffer                                      text97        05344
_UDPSetTxBuffer                                      text95        0532A
_UDPSocketInfo                                       bssBANK2      00200
_UDPTask                                             text64        02414
_UDPTxCount                                          bssBANK0      000C7
_WasDiscarded                                        bssCOMRAM     0003C
_WritePHYReg                                         text6         04EBC
_XEEInit                                             text1         053C0
__CFG_BW$16                                          (abs)         00000
__CFG_CCP2MX$ON                                      (abs)         00000
__CFG_CP0$OFF                                        (abs)         00000
__CFG_EASHFT$ON                                      (abs)         00000
__CFG_ECCPMX$ON                                      (abs)         00000
__CFG_ETHLED$ON                                      (abs)         00000
__CFG_FCMEN$ON                                       (abs)         00000
__CFG_FOSC$HSPLL                                     (abs)         00000
__CFG_FOSC2$ON                                       (abs)         00000
__CFG_IESO$ON                                        (abs)         00000
__CFG_MODE$MM                                        (abs)         00000
__CFG_STVR$ON                                        (abs)         00000
__CFG_WAIT$OFF                                       (abs)         00000
__CFG_WDT$OFF                                        (abs)         00000
__CFG_WDTPS$2048                                     (abs)         00000
__CFG_XINST$OFF                                      (abs)         00000
__DHCPReceive                                        text87        01C5A
__DHCPReceive@i                                      cstackBANK0   0006B
__DHCPReceive@j                                      cstackBANK0   00066
__DHCPReceive@lbDone                                 cstackBANK0   00064
__DHCPReceive@tempServerID                           cstackBANK0   00067
__DHCPReceive@type                                   cstackBANK0   00065
__DHCPReceive@v                                      cstackBANK0   0006C
__DHCPSend                                           text78        01ED0
__DHCPSend$6883                                      cstackBANK0   0009E
__DHCPSend@MyIP                                      cstackBANK0   0009A
__DHCPSend@bRenewing                                 cstackBANK0   00099
__DHCPSend@i                                         cstackBANK0   000A0
__DHCPSend@messageType                               cstackBANK0   000A1
__HRAM                                               (abs)         00000
__Habs1                                              abs1          00000
__Hbank0                                             bank0         00000
__Hbank1                                             bank1         00000
__Hbank10                                            bank10        00000
__Hbank11                                            bank11        00000
__Hbank12                                            bank12        00000
__Hbank13                                            bank13        00000
__Hbank14                                            bank14        00000
__Hbank15                                            bank15        00000
__Hbank2                                             bank2         00000
__Hbank3                                             bank3         00000
__Hbank4                                             bank4         00000
__Hbank5                                             bank5         00000
__Hbank6                                             bank6         00000
__Hbank7                                             bank7         00000
__Hbank8                                             bank8         00000
__Hbank9                                             bank9         00000
__Hbigbss                                            bigbss        00000
__Hbigdata                                           bigdata       00000
__Hbigram                                            bigram        00000
__Hbss                                               bss           00000
__HbssBANK0                                          bssBANK0      00000
__HbssBANK1                                          bssBANK1      00000
__HbssBANK2                                          bssBANK2      00000
__HbssBANK3                                          bssBANK3      00000
__HbssBIGRAM                                         bssBIGRAM     00000
__HbssCOMRAM                                         bssCOMRAM     00000
__Hcinit                                             cinit         00000
__Hclrtext                                           clrtext       00000
__Hcomram                                            comram        00000
__Hconfig                                            config        1FFFE
__Hconst                                             const         00000
__HcstackBANK0                                       cstackBANK0   00000
__HcstackBANK1                                       cstackBANK1   00000
__HcstackBANK2                                       cstackBANK2   00000
__HcstackCOMRAM                                      cstackCOMRAM  00000
__Hdata                                              data          00000
__HdataBANK1                                         dataBANK1     00000
__HdataCOMRAM                                        dataCOMRAM    00000
__Hend_init                                          end_init      00062
__Hfarbss                                            farbss        00000
__Hfardata                                           fardata       00000
__Hibigdata                                          ibigdata      00000
__Hidata                                             idata         00000
__HidataBANK1                                        idataBANK1    00000
__HidataCOMRAM                                       idataCOMRAM   00000
__Hidloc                                             idloc         00000
__Hifardata                                          ifardata      00000
__Hinit                                              init          0005E
__Hintcode                                           intcode       0000E
__Hintcode_body                                      intcode_body  00000
__Hintcodelo                                         intcodelo     0005E
__Hintentry                                          intentry      00000
__Hintret                                            intret        00000
__Hintsave_regs                                      intsave_regs  00000
__Hirdata                                            irdata        00000
__Hjflash_buffer                                     jflash_buffer 1F800
__Hmediumconst                                       mediumconst   00000
__HnvFARRAM                                          nvFARRAM      00000
__Hnvbit                                             nvbit         00000
__Hnvrram                                            nvrram        00000
__Hparam                                             rparam        00000
__Hpowerup                                           powerup       0005E
__Hram                                               ram           00000
__Hramtop                                            ramtop        01000
__Hrbit                                              rbit          00000
__Hrbss                                              rbss          00000
__Hrdata                                             rdata         00000
__Hreset_vec                                         reset_vec     00004
__Hrparam                                            rparam        00000
__Hsfr                                               sfr           00000
__Hsmallconst                                        smallconst    0100C
__Hspace_0                                           (abs)         1FFFE
__Hspace_1                                           (abs)         00535
__Hspace_2                                           (abs)         00000
__Hstack                                             stack         00000
__Hstruct                                            struct        00000
__Htemp                                              temp          00045
__Htext                                              text          00000
__Htext0                                             text0         00000
__Htext1                                             text1         00000
__Htext10                                            text10        00000
__Htext100                                           text100       00000
__Htext101                                           text101       00000
__Htext102                                           text102       00000
__Htext103                                           text103       00000
__Htext104                                           text104       00000
__Htext105                                           text105       00000
__Htext106                                           text106       00000
__Htext107                                           text107       00000
__Htext108                                           text108       00000
__Htext109                                           text109       00000
__Htext11                                            text11        00000
__Htext110                                           text110       00000
__Htext111                                           text111       00000
__Htext112                                           text112       00000
__Htext113                                           text113       00000
__Htext114                                           text114       00000
__Htext115                                           text115       00000
__Htext116                                           text116       00000
__Htext117                                           text117       00000
__Htext118                                           text118       00000
__Htext119                                           text119       00000
__Htext12                                            text12        00000
__Htext120                                           text120       00000
__Htext121                                           text121       00000
__Htext122                                           text122       00000
__Htext123                                           text123       00000
__Htext124                                           text124       00000
__Htext125                                           text125       00000
__Htext126                                           text126       00000
__Htext127                                           text127       00000
__Htext128                                           text128       00000
__Htext129                                           text129       00000
__Htext13                                            text13        00000
__Htext130                                           text130       00000
__Htext131                                           text131       00000
__Htext132                                           text132       00000
__Htext133                                           text133       00000
__Htext135                                           text135       00000
__Htext136                                           text136       00000
__Htext137                                           text137       00000
__Htext138                                           text138       00000
__Htext139                                           text139       00000
__Htext14                                            text14        00000
__Htext140                                           text140       00000
__Htext141                                           text141       00000
__Htext142                                           text142       00000
__Htext15                                            text15        00000
__Htext16                                            text16        00000
__Htext17                                            text17        00000
__Htext18                                            text18        00000
__Htext19                                            text19        00000
__Htext2                                             text2         00000
__Htext20                                            text20        00000
__Htext21                                            text21        00000
__Htext22                                            text22        00000
__Htext23                                            text23        00000
__Htext24                                            text24        00000
__Htext25                                            text25        00000
__Htext26                                            text26        00000
__Htext27                                            text27        00000
__Htext28                                            text28        00000
__Htext29                                            text29        00000
__Htext3                                             text3         00000
__Htext30                                            text30        00000
__Htext31                                            text31        00000
__Htext32                                            text32        00000
__Htext33                                            text33        00000
__Htext34                                            text34        00000
__Htext35                                            text35        00000
__Htext36                                            text36        00000
__Htext37                                            text37        00000
__Htext38                                            text38        00000
__Htext39                                            text39        00000
__Htext4                                             text4         00000
__Htext40                                            text40        00000
__Htext41                                            text41        00000
__Htext42                                            text42        00000
__Htext43                                            text43        00000
__Htext44                                            text44        00000
__Htext45                                            text45        00000
__Htext46                                            text46        00000
[...]
Total ram usage:        0 bytes
 Hardware stack levels used:    1
 Hardware stack levels required when called:    4
 This function calls:
		_BeepTimerUpdate
		_DoorIndicatorTimerUpdate
		_DoorSwitchTimerUpdate
		_NDCTick
 This function is called by:
		_LowISR
 This function uses a non-reentrant model


 *************** function _NDCTick *****************
 Defined at:
		line 124 in file "../src/NDC.c"
 Parameters:    Size  Location     Type
		None
 Auto vars:     Size  Location     Type
		None
 Return value:  Size  Location     Type
		None               void
 Registers used:
		wreg, status,2, status,0
 Tracked objects:
		On entry : 
		On exit  : 
		Unchanged: 
 Data sizes:     COMRAM   BANK0   BANK1   BANK2   BANK3   BANK4   BANK5   BANK6   BANK7   BANK8   BANK9  BANK10  BANK11  BANK12  BANK13  BANK14  BANK15
      Params:         0       0       0       0       0       0       0       0       0       0       0       0       0       0       0       0       0
      Locals:         0       0       0       0       0       0       0       0       0       0       0       0       0       0       0       0       0
      Temps:          0       0       0       0       0       0       0       0       0       0       0       0       0       0       0       0       0
      Totals:         0       0       0       0       0       0       0       0       0       0       0       0       0       0       0       0       0
Total ram usage:        0 bytes
 Hardware stack levels used:    1
 Hardware stack levels required when called:    1
 This function calls:
		Nothing
 This function is called by:
		_RTC
 This function uses a non-reentrant model


 *************** function _DoorSwitchTimerUpdate *****************
 Defined at:
		line 150 in file "../src/DoorSwitch.c"
 Parameters:    Size  Location     Type
		None
 Auto vars:     Size  Location     Type
		None
 Return value:  Size  Location     Type
		None               void
 Registers used:
		wreg, status,2, status,0
 Tracked objects:
		On entry : 
		On exit  : 
		Unchanged: 
 Data sizes:     COMRAM   BANK0   BANK1   BANK2   BANK3   BANK4   BANK5   BANK6   BANK7   BANK8   BANK9  BANK10  BANK11  BANK12  BANK13  BANK14  BANK15
      Params:         0       0       0       0       0       0       0       0       0       0       0       0       0       0       0       0       0
      Locals:         0       0       0       0       0       0       0       0       0       0       0       0       0       0       0       0       0
      Temps:          0       0       0       0       0       0       0       0       0       0       0       0       0       0       0       0       0
      Totals:         0       0       0       0       0       0       0       0       0       0       0       0       0       0       0       0       0
Total ram usage:        0 bytes
 Hardware stack levels used:    1
 Hardware stack levels required when called:    1
 This function calls:
		Nothing
 This function is called by:
		_RTC
 This function uses a non-reentrant model


 *************** function _DoorIndicatorTimerUpdate *****************
 Defined at:
		line 182 in file "../src/DoorIndicator.c"
 Parameters:    Size  Location     Type
		None
 Auto vars:     Size  Location     Type
		None
 Return value:  Size  Location     Type
		None               void
 Registers used:
		wreg, status,2, status,0
 Tracked objects:
		On entry : 
		On exit  : 
		Unchanged: 
 Data sizes:     COMRAM   BANK0   BANK1   BANK2   BANK3   BANK4   BANK5   BANK6   BANK7   BANK8   BANK9  BANK10  BANK11  BANK12  BANK13  BANK14  BANK15
      Params:         0       0       0       0       0       0       0       0       0       0       0       0       0       0       0       0       0
      Locals:         0       0       0       0       0       0       0       0       0       0       0       0       0       0       0       0       0
      Temps:          0       0       0       0       0       0       0       0       0       0       0       0       0       0       0       0       0
      Totals:         0       0       0       0       0       0       0       0       0       0       0       0       0       0       0       0       0
Total ram usage:        0 bytes
 Hardware stack levels used:    1
 Hardware stack levels required when called:    1
 This function calls:
		Nothing
 This function is called by:
		_RTC
 This function uses a non-reentrant model


 *************** function _BeepTimerUpdate *****************
 Defined at:
		line 47 in file "../src/Beep.c"
 Parameters:    Size  Location     Type
		None
 Auto vars:     Size  Location     Type
		None
 Return value:  Size  Location     Type
		None               void
 Registers used:
		wreg, fsr2l, fsr2h, status,2, status,0, prodl, prodh, cstack
 Tracked objects:
		On entry : 
		On exit  : 
		Unchanged: 
 Data sizes:     COMRAM   BANK0   BANK1   BANK2   BANK3   BANK4   BANK5   BANK6   BANK7   BANK8   BANK9  BANK10  BANK11  BANK12  BANK13  BANK14  BANK15
      Params:         0       0       0       0       0       0       0       0       0       0       0       0       0       0       0       0       0
      Locals:         0       0       0       0       0       0       0       0       0       0       0       0       0       0       0       0       0
      Temps:         12       0       0       0       0       0       0       0       0       0       0       0       0       0       0       0       0
      Totals:        12       0       0       0       0       0       0       0       0       0       0       0       0       0       0       0       0
Total ram usage:       12 bytes
 Hardware stack levels used:    1
 Hardware stack levels required when called:    3
 This function calls:
		i1_TickGet
 This function is called by:
		_RTC
 This function uses a non-reentrant model


 *************** function i1_TickGet *****************
 Defined at:
		line 249 in file "../framework/tcpip/src/common/tick.c"
 Parameters:    Size  Location     Type
		None
 Auto vars:     Size  Location     Type
  TickGet         4    4[COMRAM] unsigned long 
 Return value:  Size  Location     Type
                  4    0[COMRAM] unsigned long 
 Registers used:
		fsr2l, fsr2h, cstack
 Tracked objects:
		On entry : 
		On exit  : 
		Unchanged: 
 Data sizes:     COMRAM   BANK0   BANK1   BANK2   BANK3   BANK4   BANK5   BANK6   BANK7   BANK8   BANK9  BANK10  BANK11  BANK12  BANK13  BANK14  BANK15
      Params:         4       0       0       0       0       0       0       0       0       0       0       0       0       0       0       0       0
      Locals:         4       0       0       0       0       0       0       0       0       0       0       0       0       0       0       0       0
      Temps:          0       0       0       0       0       0       0       0       0       0       0       0       0       0       0       0       0
      Totals:         8       0       0       0       0       0       0       0       0       0       0       0       0       0       0       0       0
Total ram usage:        8 bytes
 Hardware stack levels used:    1
 Hardware stack levels required when called:    2
 This function calls:
		i1_GetTickCopy
 This function is called by:
		_BeepTimerUpdate
 This function uses a non-reentrant model


 *************** function i1_GetTickCopy *****************
 Defined at:
		line 139 in file "../framework/tcpip/src/common/tick.c"
 Parameters:    Size  Location     Type
		None
 Auto vars:     Size  Location     Type
		None
 Return value:  Size  Location     Type
		None               void
 Registers used:
		fsr2l, fsr2h
 Tracked objects:
		On entry : 
		On exit  : 
		Unchanged: 
 Data sizes:     COMRAM   BANK0   BANK1   BANK2   BANK3   BANK4   BANK5   BANK6   BANK7   BANK8   BANK9  BANK10  BANK11  BANK12  BANK13  BANK14  BANK15
      Params:         0       0       0       0       0       0       0       0       0       0       0       0       0       0       0       0       0
      Locals:         0       0       0       0       0       0       0       0       0       0       0       0       0       0       0       0       0
      Temps:          0       0       0       0       0       0       0       0       0       0       0       0       0       0       0       0       0
      Totals:         0       0       0       0       0       0       0       0       0       0       0       0       0       0       0       0       0
Total ram usage:        0 bytes
 Hardware stack levels used:    1
 Hardware stack levels required when called:    1
 This function calls:
		Nothing
 This function is called by:
		i1_TickGet
 This function uses a non-reentrant model


 *************** function _HighISR *****************
 Defined at:
		line 50 in file "../src/InitRutines.c"
 Parameters:    Size  Location     Type
		None
 Auto vars:     Size  Location     Type
		None
 Return value:  Size  Location     Type
		None               void
 Registers used:
		wreg, status,2, status,0
 Tracked objects:
		On entry : 
		On exit  : 
		Unchanged: 
 Data sizes:     COMRAM   BANK0   BANK1   BANK2   BANK3   BANK4   BANK5   BANK6   BANK7   BANK8   BANK9  BANK10  BANK11  BANK12  BANK13  BANK14  BANK15
      Params:         0       0       0       0       0       0       0       0       0       0       0       0       0       0       0       0       0
      Locals:         0       0       0       0       0       0       0       0       0       0       0       0       0       0       0       0       0
      Temps:          0       0       0       0       0       0       0       0       0       0       0       0       0       0       0       0       0
      Totals:         0       0       0       0       0       0       0       0       0       0       0       0       0       0       0       0       0
Total ram usage:        0 bytes
 Hardware stack levels used:    1
 This function calls:
		Nothing
 This function is called by:
		Interrupt level 2
 This function uses a non-reentrant model



MODULE INFORMATION

Module		Function		Class		Link	Load	Size
../src/InitRutines.c
		_LowISR        		CODE           	0018	0000	71
		_GetWiegandCode		CODE           	4A6E	0000	79
		_InitAppConfig 		CODE           	3B78	0000	163
		_InitializeBoard		CODE           	3762	0000	189
		_HighISR       		CODE           	0008	0000	133

../src/InitRutines.c estimated size: 635

../framework/tcpip/src/icmp.c
		_ICMPProcess   		CODE           	397E	0000	173

../framework/tcpip/src/icmp.c estimated size: 173

C:\Program Files (x86)\Microchip\xc8\v1.35\sources\common\awdiv.c
		___awdiv       		CODE           	40E4	0000	121

C:\Program Files (x86)\Microchip\xc8\v1.35\sources\common\awdiv.c estimated size: 121

../framework/tcpip/src/common/helpers.c
		_LFSRRand      		CODE           	3E58	0000	141
		_strupr        		CODE           	4DEA	0000	57
		_swaps         		CODE           	5284	0000	31
		_CalcIPChecksum		CODE           	3DCC	0000	141
		_LFSRSeedRand  		CODE           	4E58	0000	53
		_GenerateRandomDWORD		CODE           	2984	0000	287
		_FormatNetBIOSName		CODE           	4832	0000	87

../framework/tcpip/src/common/helpers.c estimated size: 797

../framework/tcpip/src/eth97j60.c
		_MACPut        		CODE           	548C	0000	13
		_MACFlush      		CODE           	520A	0000	33
		_MACSetReadPtr 		CODE           	5310	0000	27
		_MACGetHeader  		CODE           	381E	0000	179
		_MACCalcRxChecksum		CODE           	42B2	0000	105
		_MACSetReadPtrInRx		CODE           	4E22	0000	55
		_MACInit       		CODE           	352A	0000	191
		_MACGetArray   		CODE           	4B0A	0000	77
		_MACIsMemCopyDone		CODE           	54C6	0000	7
		_MACMemCopyAsync		CODE           	2854	0000	305
		_WritePHYReg   		CODE           	4EBC	0000	47
		_MACGet        		CODE           	54D8	0000	3
		_CalcIPBufferChecksum		CODE           	3152	0000	209
		_MACIsLinked   		CODE           	53FE	0000	21
		_ReadPHYReg    		CODE           	4F46	0000	47
		_MACPutHeader  		CODE           	4782	0000	91
		_MACSetWritePtr		CODE           	54AC	0000	11
		_MACIsTxReady  		CODE           	5184	0000	37
		_MACDiscardRx  		CODE           	4DB0	0000	59
		_MACPutArray   		CODE           	50EC	0000	39

../framework/tcpip/src/eth97j60.c estimated size: 1556

../framework/tcpip/src/dhcp_client.c
		_DHCPTask      		CODE           	100C	0000	1637
		_DHCPDisable   		CODE           	53EA	0000	21
		__DHCPSend     		CODE           	1ED0	0000	479
		_DHCPEnable    		CODE           	535E	0000	27
		_DHCPIsBound   		CODE           	54BE	0000	9
		_DHCPInit      		CODE           	4D3A	0000	61
		__DHCPReceive  		CODE           	1C5A	0000	631

../framework/tcpip/src/dhcp_client.c estimated size: 2865

../src/DoorSwitch.c
		_IsDoorSwitchPressed		CODE           	5426	0000	19
		_DoorSwitchTimerUpdate		CODE           	53A8	0000	25
		_DoorSwitchUpdateConfig		CODE           	3EE4	0000	137
		_ProcessDoorSwitchIsReleased		CODE           	54CC	0000	5
		_ProcessStateDoorSwitchPressedTooLong		CODE           	52DC	0000	27
		_ProcessStateDoorSwitchPressed		CODE           	509E	0000	41
		_ProcessDoorSwitchIsPressed		CODE           	4CBC	0000	65
		_ProcessStateDoorSwitchIdle		CODE           	546C	0000	17
		_ProcessDoorSwitch		CODE           	52C0	0000	29

../src/DoorSwitch.c estimated size: 365

../framework/tcpip/src/common/tick.c
		_TickInit      		CODE           	545C	0000	17
		_TickGet       		CODE           	5138	0000	39
		_TickGetDiv256 		CODE           	50C6	0000	39
		_TickUpdate    		CODE           	5412	0000	21
		_GetTickCopy   		CODE           	504A	0000	43

../framework/tcpip/src/common/tick.c estimated size: 159

../src/NDC.c
		_SendDoorStatus		CODE           	3F6C	0000	127
		_NDCFSM        		CODE           	36A6	0000	189
		_setDoorOpen   		CODE           	4FCC	0000	43
		_SendDoorOpenEvent		CODE           	466E	0000	93
		_SendDeviceReadySignal		CODE           	4888	0000	85
		_SendDoorSwitchPressedEvent		CODE           	4440	0000	95
		_CheckWaitForCodeTimer		CODE           	2EB6	0000	229
		_NDCTick       		CODE           	5390	0000	25
		_CheckIfFirstTimeConnection		CODE           	54A2	0000	11
		_SendDoorClosedEvent		CODE           	4612	0000	93
		_CheckConfigDataWaitTimer		CODE           	4BA2	0000	77
		_OpenUDPsocket 		CODE           	3C1A	0000	155
		_SendDoorOpenTooLongEvent		CODE           	45B6	0000	93
		_CheckDoorTimer		CODE           	5112	0000	39
		_SendDoorTimerExpiredEvent		CODE           	44FC	0000	95
		_SendGetConfigData		CODE           	48DC	0000	85
		_NDCGetRelayActiveTime		CODE           	5498	0000	11
		_NDCInitData   		CODE           	5248	0000	31
		_HandleReceivedBytes		CODE           	1984	0000	727
		_SendHeartBeat 		CODE           	3AD2	0000	167
		_HandleConnectionResponse		CODE           	43E0	0000	97
		_KeyPressedResetIdleTimer		CODE           	4A20	0000	79
		_CheckFlashingLEDTimer		CODE           	4246	0000	109
		_CheckKeypad   		CODE           	1670	0000	789
		_SendVersionString		CODE           	35E8	0000	191
		_SendFirstConnectionMadeEvent		CODE           	449E	0000	95
		_HandleConfigData		CODE           	20AE	0000	469
		_CheckConnectionResponseWaitTimer		CODE           	4ABC	0000	79
		_SendUDPMessage		CODE           	46CA	0000	93
		_SendConnectionRequest		CODE           	38D0	0000	175
		_SendDoorSwitchPressedTooLongEvent		CODE           	455A	0000	93
		_CheckHeartBeatTimer		CODE           	4930	0000	83
		_NDCResetState 		CODE           	51A8	0000	35
		_InitStartState		CODE           	5266	0000	31
		_isOpenDoorFlag		CODE           	54D0	0000	5

../src/NDC.c estimated size: 4893

C:\Program Files (x86)\Microchip\xc8\v1.35\sources\common\memset.c
		_memset        		CODE           	5020	0000	43

C:\Program Files (x86)\Microchip\xc8\v1.35\sources\common\memset.c estimated size: 43

../framework/tcpip/src/common/spi_eeprom.c
		_XEEInit       		CODE           	53C0	0000	23

../framework/tcpip/src/common/spi_eeprom.c estimated size: 23

../src/Misc.c
		_MiscHexStringToByte		CODE           	4982	0000	81

../src/Misc.c estimated size: 81

C:\Program Files (x86)\Microchip\xc8\v1.35\sources\common\lwmod.c
		___lwmod       		CODE           	4CFC	0000	63

C:\Program Files (x86)\Microchip\xc8\v1.35\sources\common\lwmod.c estimated size: 63

../framework/tcpip/src/ip.c
		_IPPutHeader   		CODE           	3A2A	0000	169
		_IPGetHeader   		CODE           	2F9A	0000	229
		_IPSetRxBuffer 		CODE           	544A	0000	19
		_SwapIPHeader  		CODE           	4068	0000	125

../framework/tcpip/src/ip.c estimated size: 542

C:\Program Files (x86)\Microchip\xc8\v1.35\sources\common\llmod.c
		___llmod       		CODE           	437E	0000	99

C:\Program Files (x86)\Microchip\xc8\v1.35\sources\common\llmod.c estimated size: 99

../src/DoorIndicator.c
		_ProcessStateDoorIndicatorClosed		CODE           	547C	0000	17
		_ProcessDoorIndicatorIsClosed		CODE           	54D4	0000	5
		_DoorIndicatorTimerUpdate		CODE           	4FA0	0000	45
		_DoorIndicatorGetStatus		CODE           	54B6	0000	9
		_ProcessDoorIndicatorIsOpen		CODE           	51EA	0000	33
		_ProcessStateDoorIndicatorOpenTooLong		CODE           	522A	0000	31
		_ProcessStateDoorIndicatorOpen		CODE           	4F74	0000	45
		_isDoorIndicatorOpen		CODE           	4D76	0000	59
		_DoorIndicatorUpdateConfig		CODE           	3D40	0000	141
		_ProcessDoorIndicator		CODE           	52F6	0000	27

../src/DoorIndicator.c estimated size: 412

C:\Program Files (x86)\Microchip\xc8\v1.35\sources\common\ltoa.c
		_ltoa          		CODE           	4BEE	0000	73
		_ultoa         		CODE           	2DC6	0000	241

C:\Program Files (x86)\Microchip\xc8\v1.35\sources\common\ltoa.c estimated size: 314

shared
		i1_TickGet     		CODE           	515E	0000	39
		__initialization		CODE           	3CB4	0000	131
		i1_GetTickCopy 		CODE           	5074	0000	43

shared estimated size: 213

../framework/tcpip/src/common/stack_task.c
		_StackTask     		CODE           	2282	0000	403
		_StackInit     		CODE           	49D2	0000	79

../framework/tcpip/src/common/stack_task.c estimated size: 482

../framework/tcpip/src/udp.c
		_UDPInit       		CODE           	53D6	0000	21
		_UDPGetArray   		CODE           	431A	0000	101
		_UDPIsPutReady 		CODE           	4C7A	0000	67
		_UDPGet        		CODE           	4FF6	0000	43
		_UDPOpenEx     		CODE           	2710	0000	325
		_UDPSetTxBuffer		CODE           	532A	0000	27
		_UDPDiscard    		CODE           	5438	0000	19
		_FindMatchingSocket		CODE           	2CC4	0000	259
		_UDPClose      		CODE           	4B56	0000	77
		_UDPPutArray   		CODE           	4726	0000	93
		_UDPProcess    		CODE           	2AA2	0000	285
		_UDPPut        		CODE           	4E8C	0000	49
		_UDPFlush      		CODE           	2596	0000	379
		_UDPTask       		CODE           	2414	0000	387
		_UDPIsGetReady 		CODE           	4F18	0000	47
		_UDPSetRxBuffer		CODE           	5344	0000	27

../framework/tcpip/src/udp.c estimated size: 2206

C:\Program Files (x86)\Microchip\xc8\v1.35\sources\common\memcpy.c
		_memcpy        		CODE           	47DC	0000	87

C:\Program Files (x86)\Microchip\xc8\v1.35\sources\common\memcpy.c estimated size: 87

../framework/tcpip/src/common/delay.c
		_DelayMs       		CODE           	4C36	0000	69

../framework/tcpip/src/common/delay.c estimated size: 69

../src/Beep.c
		_BeepTimerUpdate		CODE           	346A	0000	193
		_Beep          		CODE           	4EEA	0000	47

../src/Beep.c estimated size: 240

../src/main.c
		_main          		CODE           	307E	0000	213
		_RTC           		CODE           	52A2	0000	31

../src/main.c estimated size: 244

C:\Program Files (x86)\Microchip\xc8\v1.35\sources\common\lldiv.c
		___lldiv       		CODE           	415C	0000	119

C:\Program Files (x86)\Microchip\xc8\v1.35\sources\common\lldiv.c estimated size: 119

../framework/tcpip/src/arp.c
		_ARPInit       		CODE           	5378	0000	25
		_ARPResolve    		CODE           	3222	0000	197
		_ARPProcess    		CODE           	2BBE	0000	263
		_ARPIsResolved 		CODE           	32E6	0000	197
		_ARPPut        		CODE           	33AA	0000	193
		_SwapARPPacket 		CODE           	41D2	0000	117

../framework/tcpip/src/arp.c estimated size: 992

